[Plain, Beads] => tree 
[Plain, Chain] => box top shelf 
[Plain, Pendant] => box top shelf 
[Plain, LongChain] =>  
[Diamond, Beads] => safe 
[Diamond, Chain] => safe 
[Diamond, Pendant] => safe 
[Diamond, LongChain] => safe 
[Pearl, Beads] => tree 
[Pearl, Chain] => box top shelf 
[Pearl, Pendant] => box top shelf 
[Pearl, LongChain] =>  
[Amber, Beads] => tree 
[Amber, Chain] => box top shelf 
[Amber, Pendant] => box top shelf 
[Amber, LongChain] =>  
