[Plain] => box top shelf 
[Diamond] => safe 
[Pearl] => box top shelf 
[Amber] => box top shelf 
