[Plain, Stud] => box top shelf 
[Plain, Hoop] => tree 
[Plain, Drop] => box main 
[Diamond, Stud] => safe 
[Diamond, Hoop] => safe 
[Diamond, Drop] => safe 
[Pearl, Stud] => box top shelf 
[Pearl, Hoop] => tree 
[Pearl, Drop] => box top shelf 
[Amber, Stud] => box top shelf 
[Amber, Hoop] => tree 
[Amber, Drop] => box top shelf 
